producer_class	xtools.gsea.Gsea
producer_timestamp	1652366886897
param	zip_report	true
param	num	100
param	scoring_scheme	weighted
param	norm	meandiv
param	out	/opt/gpcloud/gp_home/jobResults/436090/.tmp_gsea/analysis
param	mode	Max_probe
param	include_only_symbols	true
param	set_max	10000
param	gmx	/opt/gpcloud/gp_home/users/blipinski/tmp/external/gpftp.broadinstitute.org/module_support_files/msigdb/gmt/h.all.v7.5.1.symbols.gmt
param	plot_top_x	20
param	nperm	1000
param	order	descending
param	rnd_seed	timestamp
param	rpt_label	toz
param	set_min	15
param	res	/opt/gpcloud/gp_home/users/blipinski/tmp/run4403941876009385693.tmp/expression.dataset/1/signature_greffe.gct
param	chip	/opt/gpcloud/gp_home/users/.cache/cache/ftp.broadinstitute.org/pub/gsea/annotations_versioned/Human_Gene_Symbol_with_Remapping_MSigDB.v7.5.1.chip
param	create_svgs	false
param	cls	/opt/gpcloud/gp_home/users/blipinski/tmp/run4889883414654611758.tmp/phenotype.labels/2/signature_greffe.cls
param	sort	real
param	create_gcts	false
param	help	false
param	save_rnd_lists	false
param	median	false
param	metric	Signal2Noise
param	make_sets	true
param	rnd_type	no_balance
param	gui	false
param	permute	phenotype
param	collapse	Collapse

file	.tmp_gsea/analysis/index.html
